Building DAG of jobs...
Using shell: /usr/bin/bash
Provided cores: 4
Rules claiming more threads will be scaled down.
Job stats:
job                      count
---------------------  -------
align_reads                  1
all                          1
build_bowtie_index           1
decompress_reference         1
download_chromosome22        1
generate_reads               1
generate_truth_vcf           1
index_reference              1
total                        8

Select jobs to execute...

[Sat Sep 19 02:10:15 2026]
rule download_chromosome22:
    output: Data/chr22/chr22.fa.gz
    jobid: 3
    reason: Missing output files: Data/chr22/chr22.fa.gz
    resources: tmpdir=/tmp

WARNING: timestamping does nothing in combination with -O. See the manual
for details.

--2026-09-19 02:10:15--  https://hgdownload.soe.ucsc.edu/goldenPath/hg38/chromosomes/chr22.fa.gz
Resolving hgdownload.soe.ucsc.edu (hgdownload.soe.ucsc.edu)... 128.114.119.163
Connecting to hgdownload.soe.ucsc.edu (hgdownload.soe.ucsc.edu)|128.114.119.163|:443... connected.
HTTP request sent, awaiting response... 200 OK
Length: 12255678 (12M) [application/x-gzip]
Saving to: ‘Data/chr22/chr22.fa.gz’

     0K .......... .......... .......... .......... ..........  0%  467K 26s
    50K .......... .......... .......... .......... ..........  0%  120K 62s
   100K .......... .......... .......... .......... ..........  1% 45.1M 41s
   150K .......... .......... .......... .......... ..........  1% 65.8M 31s
   200K .......... .......... .......... .......... ..........  2%  473K 30s
   250K .......... .......... .......... .......... ..........  2%  933K 27s
   300K .......... .......... .......... .......... ..........  2%  467K 26s
   350K .......... .......... .......... .......... ..........  3% 51.1M 23s
   400K .......... .......... .......... .......... ..........  3% 1.68M 21s
   450K .......... .......... .......... .......... ..........  4% 2.04M 19s
   500K .......... .......... .......... .......... ..........  4%  940K 19s
   550K .......... .......... .......... .......... ..........  5%  603K 19s
   600K .......... .......... .......... .......... ..........  5% 2.07M 18s
   650K .......... .......... .......... .......... ..........  5%  932K 17s
   700K .......... .......... .......... .......... ..........  6%  934K 17s
   750K .......... .......... .......... .......... ..........  6%  935K 16s
   800K .......... .......... .......... .......... ..........  7%  934K 16s
   850K .......... .......... .......... .......... ..........  7%  367K 17s
   900K .......... .......... .......... .......... ..........  7% 57.0M 16s
   950K .......... .......... .......... .......... ..........  8%  652K 16s
  1000K .......... .......... .......... .......... ..........  8%  602K 16s
  1050K .......... .......... .......... .......... ..........  9%  929K 16s
  1100K .......... .......... .......... .......... ..........  9%  647K 16s
  1150K .......... .......... .......... .......... .......... 10%  603K 16s
  1200K .......... .......... .......... .......... .......... 10%  645K 16s
  1250K .......... .......... .......... .......... .......... 10%  931K 15s
  1300K .......... .......... .......... .......... .......... 11%  933K 15s
  1350K .......... .......... .......... .......... .......... 11%  604K 15s
  1400K .......... .......... .......... .......... .......... 12%  933K 15s
  1450K .......... .......... .......... .......... .......... 12%  647K 15s
  1500K .......... .......... .......... .......... .......... 12%  933K 15s
  1550K .......... .......... .......... .......... .......... 13%  931K 14s
  1600K .......... .......... .......... .......... .......... 13%  931K 14s
  1650K .......... .......... .......... .......... .......... 14%  936K 14s
  1700K .......... .......... .......... .......... .......... 14%  931K 14s
  1750K .......... .......... .......... .......... .......... 15%  936K 14s
  1800K .......... .......... .......... .......... .......... 15%  936K 14s
  1850K .......... .......... .......... .......... .......... 15%  934K 14s
  1900K .......... .......... .......... .......... .......... 16%  936K 13s
  1950K .......... .......... .......... .......... .......... 16%  932K 13s
  2000K .......... .......... .......... .......... .......... 17%  938K 13s
  2050K .......... .......... .......... .......... .......... 17%  937K 13s
  2100K .......... .......... .......... .......... .......... 17%  932K 13s
  2150K .......... .......... .......... .......... .......... 18%  938K 13s
  2200K .......... .......... .......... .......... .......... 18%  937K 13s
  2250K .......... .......... .......... .......... .......... 19%  939K 13s
  2300K .......... .......... .......... .......... .......... 19%  939K 12s
  2350K .......... .......... .......... .......... .......... 20%  936K 12s
  2400K .......... .......... .......... .......... .......... 20% 1.67M 12s
  2450K .......... .......... .......... .......... .......... 20%  936K 12s
  2500K .......... .......... .......... .......... .......... 21% 1.98M 12s
  2550K .......... .......... .......... .......... .......... 21%  938K 12s
  2600K .......... .......... .......... .......... .......... 22%  933K 12s
  2650K .......... .......... .......... .......... .......... 22%  605K 12s
  2700K .......... .......... .......... .......... .......... 22% 1.94M 11s
  2750K .......... .......... .......... .......... .......... 23%  933K 11s
  2800K .......... .......... .......... .......... .......... 23%  929K 11s
  2850K .......... .......... .......... .......... .......... 24%  766K 11s
  2900K .......... .......... .......... .......... .......... 24%  930K 11s
  2950K .......... .......... .......... .......... .......... 25%  520K 11s
  3000K .......... .......... .......... .......... .......... 25%  769K 11s
  3050K .......... .......... .......... .......... .......... 25%  725K 11s
  3100K .......... .......... .......... .......... .......... 26%  546K 11s
  3150K .......... .......... .......... .......... .......... 26%  728K 11s
  3200K .......... .......... .......... .......... .......... 27%  547K 11s
  3250K .......... .......... .......... .......... .......... 27%  926K 11s
  3300K .......... .......... .......... .......... .......... 27%  530K 11s
  3350K .......... .......... .......... .......... .......... 28%  767K 11s
  3400K .......... .......... .......... .......... .......... 28%  925K 11s
  3450K .......... .......... .......... .......... .......... 29%  529K 11s
  3500K .......... .......... .......... .......... .......... 29%  934K 11s
  3550K .......... .......... .......... .......... .......... 30%  931K 11s
  3600K .......... .......... .......... .......... .......... 30%  764K 11s
  3650K .......... .......... .......... .......... .......... 30%  934K 11s
  3700K .......... .......... .......... .......... .......... 31%  530K 11s
  3750K .......... .......... .......... .......... .......... 31%  935K 10s
  3800K .......... .......... .......... .......... .......... 32%  936K 10s
  3850K .......... .......... .......... .......... .......... 32%  930K 10s
  3900K .......... .......... .......... .......... .......... 33%  936K 10s
  3950K .......... .......... .......... .......... .......... 33%  929K 10s
  4000K .......... .......... .......... .......... .......... 33%  938K 10s
  4050K .......... .......... .......... .......... .......... 34%  935K 10s
  4100K .......... .......... .......... .......... .......... 34%  936K 10s
  4150K .......... .......... .......... .......... .......... 35%  935K 10s
  4200K .......... .......... .......... .......... .......... 35%  930K 10s
  4250K .......... .......... .......... .......... .......... 35%  935K 10s
  4300K .......... .......... .......... .......... .......... 36%  939K 10s
  4350K .......... .......... .......... .......... .......... 36%  934K 9s
  4400K .......... .......... .......... .......... .......... 37%  942K 9s
  4450K .......... .......... .......... .......... .......... 37%  935K 9s
  4500K .......... .......... .......... .......... .......... 38% 3.82M 9s
  4550K .......... .......... .......... .......... .......... 38%  937K 9s
  4600K .......... .......... .......... .......... .......... 38%  944K 9s
  4650K .......... .......... .......... .......... .......... 39% 1.16M 9s
  4700K .......... .......... .......... .......... .......... 39%  936K 9s
  4750K .......... .......... .......... .......... .......... 40%  941K 9s
  4800K .......... .......... .......... .......... .......... 40%  938K 9s
  4850K .......... .......... .......... .......... .......... 40% 3.80M 9s
  4900K .......... .......... .......... .......... .......... 41%  949K 8s
  4950K .......... .......... .......... .......... .......... 41% 1.17M 8s
  5000K .......... .......... .......... .......... .......... 42%  938K 8s
  5050K .......... .......... .......... .......... .......... 42%  941K 8s
  5100K .......... .......... .......... .......... .......... 43% 3.81M 8s
  5150K .......... .......... .......... .......... .......... 43%  947K 8s
  5200K .......... .......... .......... .......... .......... 43% 1.17M 8s
  5250K .......... .......... .......... .......... .......... 44%  938K 8s
  5300K .......... .......... .......... .......... .......... 44% 1.84M 8s
  5350K .......... .......... .......... .......... .......... 45%  371K 8s
  5400K .......... .......... .......... .......... .......... 45% 60.0M 8s
  5450K .......... .......... .......... .......... .......... 45% 4.33M 8s
  5500K .......... .......... .......... .......... .......... 46%  936K 8s
  5550K .......... .......... .......... .......... .......... 46%  935K 7s
  5600K .......... .......... .......... .......... .......... 47%  933K 7s
  5650K .......... .......... .......... .......... .......... 47%  934K 7s
  5700K .......... .......... .......... .......... .......... 48%  938K 7s
  5750K .......... .......... .......... .......... .......... 48%  939K 7s
  5800K .......... .......... .......... .......... .......... 48% 1.16M 7s
  5850K .......... .......... .......... .......... .......... 49%  935K 7s
  5900K .......... .......... .......... .......... .......... 49%  940K 7s
  5950K .......... .......... .......... .......... .......... 50%  934K 7s
  6000K .......... .......... .......... .......... .......... 50%  939K 7s
  6050K .......... .......... .......... .......... .......... 50%  937K 7s
  6100K .......... .......... .......... .......... .......... 51%  937K 7s
  6150K .......... .......... .......... .......... .......... 51% 1.74M 7s
  6200K .......... .......... .......... .......... .......... 52% 1.25M 7s
  6250K .......... .......... .......... .......... .......... 52% 1.21M 7s
  6300K .......... .......... .......... .......... .......... 53%  935K 6s
  6350K .......... .......... .......... .......... .......... 53%  938K 6s
  6400K .......... .......... .......... .......... .......... 53%  940K 6s
  6450K .......... .......... .......... .......... .......... 54%  940K 6s
  6500K .......... .......... .......... .......... .......... 54% 3.79M 6s
  6550K .......... .......... .......... .......... .......... 55% 1.18M 6s
  6600K .......... .......... .......... .......... .......... 55%  937K 6s
  6650K .......... .......... .......... .......... .......... 55%  940K 6s
  6700K .......... .......... .......... .......... .......... 56%  939K 6s
  6750K .......... .......... .......... .......... .......... 56% 1.76M 6s
  6800K .......... .......... .......... .......... .......... 57% 1.85M 6s
  6850K .......... .......... .......... .......... .......... 57%  939K 6s
  6900K .......... .......... .......... .......... .......... 58%  939K 6s
  6950K .......... .......... .......... .......... .......... 58%  938K 6s
  7000K .......... .......... .......... .......... .......... 58% 3.91M 6s
  7050K .......... .......... .......... .......... .......... 59% 1.18M 5s
  7100K .......... .......... .......... .......... .......... 59%  941K 5s
  7150K .......... .......... .......... .......... .......... 60%  939K 5s
  7200K .......... .......... .......... .......... .......... 60%  942K 5s
  7250K .......... .......... .......... .......... .......... 60% 67.9M 5s
  7300K .......... .......... .......... .......... .......... 61%  936K 5s
  7350K .......... .......... .......... .......... .......... 61%  940K 5s
  7400K .......... .......... .......... .......... .......... 62% 4.01M 5s
  7450K .......... .......... .......... .......... .......... 62% 1.17M 5s
  7500K .......... .......... .......... .......... .......... 63%  943K 5s
  7550K .......... .......... .......... .......... .......... 63%  944K 5s
  7600K .......... .......... .......... .......... .......... 63% 42.5M 5s
  7650K .......... .......... .......... .......... .......... 64%  940K 5s
  7700K .......... .......... .......... .......... .......... 64%  940K 5s
  7750K .......... .......... .......... .......... .......... 65% 4.02M 5s
  7800K .......... .......... .......... .......... .......... 65% 1.17M 4s
  7850K .......... .......... .......... .......... .......... 66%  815K 4s
  7900K .......... .......... .......... .......... .......... 66% 12.5M 4s
  7950K .......... .......... .......... .......... .......... 66%  317K 4s
  8000K .......... .......... .......... .......... .......... 67% 52.8M 4s
  8050K .......... .......... .......... .......... .......... 67% 65.8M 4s
  8100K .......... .......... .......... .......... .......... 68%  965K 4s
  8150K .......... .......... .......... .......... .......... 68%  934K 4s
  8200K .......... .......... .......... .......... .......... 68%  935K 4s
  8250K .......... .......... .......... .......... .......... 69% 9.32M 4s
  8300K .......... .......... .......... .......... .......... 69%  936K 4s
  8350K .......... .......... .......... .......... .......... 70% 1012K 4s
  8400K .......... .......... .......... .......... .......... 70%  946K 4s
  8450K .......... .......... .......... .......... .......... 71%  937K 4s
  8500K .......... .......... .......... .......... .......... 71%  934K 4s
  8550K .......... .......... .......... .......... .......... 71%  939K 4s
  8600K .......... .......... .......... .......... .......... 72% 2.43M 4s
  8650K .......... .......... .......... .......... .......... 72% 1.43M 3s
  8700K .......... .......... .......... .......... .......... 73%  932K 3s
  8750K .......... .......... .......... .......... .......... 73%  942K 3s
  8800K .......... .......... .......... .......... .......... 73%  941K 3s
  8850K .......... .......... .......... .......... .......... 74% 2.43M 3s
  8900K .......... .......... .......... .......... .......... 74% 1.43M 3s
  8950K .......... .......... .......... .......... .......... 75%  936K 3s
  9000K .......... .......... .......... .......... .......... 75%  940K 3s
  9050K .......... .......... .......... .......... .......... 76% 10.4M 3s
  9100K .......... .......... .......... .......... .......... 76% 1013K 3s
  9150K .......... .......... .......... .......... .......... 76%  937K 3s
  9200K .......... .......... .......... .......... .......... 77%  942K 3s
  9250K .......... .......... .......... .......... .......... 77% 2.51M 3s
  9300K .......... .......... .......... .......... .......... 78% 1.41M 3s
  9350K .......... .......... .......... .......... .......... 78%  944K 3s
  9400K .......... .......... .......... .......... .......... 78%  945K 3s
  9450K .......... .......... .......... .......... .......... 79% 10.1M 3s
  9500K .......... .......... .......... .......... .......... 79% 1011K 3s
  9550K .......... .......... .......... .......... .......... 80%  947K 2s
  9600K .......... .......... .......... .......... .......... 80% 2.46M 2s
  9650K .......... .......... .......... .......... .......... 81% 1.42M 2s
  9700K .......... .......... .......... .......... .......... 81%  941K 2s
  9750K .......... .......... .......... .......... .......... 81%  945K 2s
  9800K .......... .......... .......... .......... .......... 82% 55.6M 2s
  9850K .......... .......... .......... .......... .......... 82%  937K 2s
  9900K .......... .......... .......... .......... .......... 83%  948K 2s
  9950K .......... .......... .......... .......... .......... 83% 2.45M 2s
 10000K .......... .......... .......... .......... .......... 83% 1.42M 2s
 10050K .......... .......... .......... .......... .......... 84%  943K 2s
 10100K .......... .......... .......... .......... .......... 84% 2.50M 2s
 10150K .......... .......... .......... .......... .......... 85% 1.42M 2s
 10200K .......... .......... .......... .......... .......... 85%  942K 2s
 10250K .......... .......... .......... .......... .......... 86% 2.49M 2s
 10300K .......... .......... .......... .......... .......... 86% 1.42M 2s
 10350K .......... .......... .......... .......... .......... 86%  943K 2s
 10400K .......... .......... .......... .......... .......... 87% 2.50M 2s
 10450K .......... .......... .......... .......... .......... 87% 1.42M 1s
 10500K .......... .......... .......... .......... .......... 88%  944K 1s
 10550K .......... .......... .......... .......... .......... 88% 10.5M 1s
 10600K .......... .......... .......... .......... .......... 88% 1011K 1s
 10650K .......... .......... .......... .......... .......... 89%  949K 1s
 10700K .......... .......... .......... .......... .......... 89% 9.61M 1s
 10750K .......... .......... .......... .......... .......... 90% 1020K 1s
 10800K .......... .......... .......... .......... .......... 90% 2.52M 1s
 10850K .......... .......... .......... .......... .......... 91% 1.42M 1s
 10900K .......... .......... .......... .......... .......... 91%  945K 1s
 10950K .......... .......... .......... .......... .......... 91% 2.49M 1s
 11000K .......... .......... .......... .......... .......... 92% 1.42M 1s
 11050K .......... .......... .......... .......... .......... 92% 2.49M 1s
 11100K .......... .......... .......... .......... .......... 93% 1.30M 1s
 11150K .......... .......... .......... .......... .......... 93% 1009K 1s
 11200K .......... .......... .......... .......... .......... 93% 2.50M 1s
 11250K .......... .......... .......... .......... .......... 94% 1.42M 1s
 11300K .......... .......... .......... .......... .......... 94% 2.51M 1s
 11350K .......... .......... .......... .......... .......... 95% 1.30M 1s
 11400K .......... .......... .......... .......... .......... 95% 1016K 1s
 11450K .......... .......... .......... .......... .......... 96% 2.46M 0s
 11500K .......... .......... .......... .......... .......... 96% 1.43M 0s
 11550K .......... .......... .......... .......... .......... 96% 2.50M 0s
 11600K .......... .......... .......... .......... .......... 97% 1.42M 0s
 11650K .......... .......... .......... .......... .......... 97%  961K 0s
 11700K .......... .......... .......... .......... .......... 98% 9.96M 0s
 11750K .......... .......... .......... .......... .......... 98% 1020K 0s
 11800K .......... .......... .......... .......... .......... 99% 2.49M 0s
 11850K .......... .......... .......... .......... .......... 99% 1.43M 0s
 11900K .......... .......... .......... .......... .......... 99% 2.49M 0s
 11950K .......... ........                                   100% 53.6M=12s

2026-09-19 02:10:27 (1.01 MB/s) - ‘Data/chr22/chr22.fa.gz’ saved [12255678/12255678]

[Sat Sep 19 02:10:27 2026]
Finished job 3.
1 of 8 steps (12%) done
Select jobs to execute...

[Sat Sep 19 02:10:27 2026]
rule decompress_reference:
    input: Data/chr22/chr22.fa.gz
    output: Data/chr22/chr22.fa
    jobid: 2
    reason: Missing output files: Data/chr22/chr22.fa; Input files updated by another job: Data/chr22/chr22.fa.gz
    resources: tmpdir=/tmp

[Sat Sep 19 02:10:27 2026]
Finished job 2.
2 of 8 steps (25%) done
Select jobs to execute...

[Sat Sep 19 02:10:28 2026]
rule index_reference:
    input: Data/chr22/chr22.fa
    output: Data/chr22/chr22.fa.fai
    jobid: 5
    reason: Missing output files: Data/chr22/chr22.fa.fai; Input files updated by another job: Data/chr22/chr22.fa
    resources: tmpdir=/tmp


[Sat Sep 19 02:10:28 2026]
rule build_bowtie_index:
    input: Data/chr22/chr22.fa
    output: Data/bowtie_index/chr22.1.bt2, Data/bowtie_index/chr22.2.bt2, Data/bowtie_index/chr22.3.bt2, Data/bowtie_index/chr22.4.bt2, Data/bowtie_index/chr22.rev.1.bt2, Data/bowtie_index/chr22.rev.2.bt2
    jobid: 7
    reason: Missing output files: Data/bowtie_index/chr22.1.bt2; Input files updated by another job: Data/chr22/chr22.fa
    resources: tmpdir=/tmp

Settings:
  Output files: "Data/bowtie_index/chr22.*.bt2"
  Line rate: 6 (line is 64 bytes)
  Lines per side: 1 (side is 64 bytes)
  Offset rate: 4 (one in 16)
  FTable chars: 10
  Strings: unpacked
  Max bucket size: default
  Max bucket size, sqrt multiplier: default
  Max bucket size, len divisor: 4
  Difference-cover sample period: 1024
  Endianness: little
  Actual local endianness: little
  Sanity checking: disabled
  Assertions: disabled
  Random seed: 0
  Sizeofs: void*:8, int:4, long:8, size_t:8
Input files DNA, FASTA:
  Data/chr22/chr22.fa
Building a SMALL index
Reading reference sizes
[Sat Sep 19 02:10:28 2026]
Finished job 5.
3 of 8 steps (38%) done
Select jobs to execute...

[Sat Sep 19 02:10:28 2026]
rule generate_truth_vcf:
    input: Data/chr22/chr22.fa, Data/chr22/chr22.fa.fai
    output: Data/simulated/truth.vcf
    jobid: 4
    reason: Missing output files: Data/simulated/truth.vcf; Input files updated by another job: Data/chr22/chr22.fa, Data/chr22/chr22.fa.fai
    resources: tmpdir=/tmp

[2026-09-19 02:10:28 INFO holodeck] Holodeck by Fulcrum Genomics - https://github.com/fg-labs/holodeck
[2026-09-19 02:10:28 INFO holodeck] Executing: ./holodeck/target/release/holodeck mutate -r Data/chr22/chr22.fa -o Data/simulated/truth.vcf --snp-rate 0.001
[2026-09-19 02:10:28 INFO holodeck_lib::commands::mutate] Using random seed: 7986822122532946251
[2026-09-19 02:10:28 INFO holodeck_lib::commands::mutate] Loaded reference with 1 contigs, total 50818468 bp
  Time reading reference sizes: 00:00:00
Calculating joined length
Writing header
Reserving space for joined string
Joining reference sequences
  Time to join reference sequences: 00:00:01
bmax according to bmaxDivN setting: 9789944
Using parameters --bmax 7342458 --dcv 1024
  Doing ahead-of-time memory usage test
[2026-09-19 02:10:29 INFO holodeck_lib::commands::mutate] Generated 45301 variants
[2026-09-19 02:10:29 INFO holodeck] Successfully completed execution in 0m:00s.
[Sat Sep 19 02:10:29 2026]
Finished job 4.
4 of 8 steps (50%) done
Select jobs to execute...

[Sat Sep 19 02:10:29 2026]
rule generate_reads:
    input: Data/chr22/chr22.fa, Data/simulated/truth.vcf
    output: Data/simulated/sim.golden.bam, Data/simulated/sim.r1.fastq.gz, Data/simulated/sim.r2.fastq.gz
    jobid: 1
    reason: Missing output files: Data/simulated/sim.r2.fastq.gz, Data/simulated/sim.golden.bam, Data/simulated/sim.r1.fastq.gz; Input files updated by another job: Data/chr22/chr22.fa, Data/simulated/truth.vcf
    resources: tmpdir=/tmp

[2026-09-19 02:10:29 INFO holodeck] Holodeck by Fulcrum Genomics - https://github.com/fg-labs/holodeck
[2026-09-19 02:10:29 INFO holodeck] Executing: ./holodeck/target/release/holodeck simulate -r Data/chr22/chr22.fa -v Data/simulated/truth.vcf -o Data/simulated/sim --coverage 10 --golden-bam
[2026-09-19 02:10:29 INFO holodeck_lib::commands::simulate] Using random seed: 5226016836077650715
[2026-09-19 02:10:29 INFO holodeck_lib::commands::simulate] Loaded reference with 1 contigs, total 50818468 bp
[2026-09-19 02:10:29 INFO holodeck_lib::commands::simulate] Will generate 1693949 read pairs for 10.0x coverage
[2026-09-19 02:10:29 INFO holodeck_lib::commands::simulate] Using 4 threads for BGZF compression
[2026-09-19 02:10:29 INFO holodeck_lib::commands::simulate] Writing golden BAM to: Data/simulated/sim.golden.bam
[2026-09-19 02:10:29 INFO holodeck_lib::commands::simulate] Simulating 1693949 reads for contig chr22 (50818468 bp)
  Passed!  Constructing with these parameters: --bmax 7342458 --dcv 1024
Constructing suffix-array element generator
Building DifferenceCoverSample
  Building sPrime
  Building sPrimeOrder
  V-Sorting samples
[2026-09-19 02:10:29 INFO holodeck_lib::commands::simulate]   Loaded 45301 variants for chr22
  V-Sorting samples time: 00:00:00
  Allocating rank array
  Ranking v-sort output
  Ranking v-sort output time: 00:00:01
  Invoking Larsson-Sadakane on ranks
  Invoking Larsson-Sadakane on ranks time: 00:00:00
  Sanity-checking and returning
Building samples
Reserving space for 12 sample suffixes
Generating random suffixes
QSorting 12 sample offsets, eliminating duplicates
QSorting sample offsets, eliminating duplicates time: 00:00:00
Multikey QSorting 12 samples
  (Using difference cover)
  Multikey QSorting samples time: 00:00:00
Calculating bucket sizes
Splitting and merging
  Splitting and merging time: 00:00:00
Avg bucket size: 4.89497e+06 (target: 7342457)
Converting suffix-array elements to index image
Allocating ftab, absorbFtab
Entering Ebwt loop
Getting block 1 of 8
  Reserving size (7342458) for bucket 1
  Calculating Z arrays for bucket 1
  Entering block accumulator loop for bucket 1:
  bucket 1: 10%
  bucket 1: 20%
  bucket 1: 30%
  bucket 1: 40%
  bucket 1: 50%
  bucket 1: 60%
  bucket 1: 70%
  bucket 1: 80%
  bucket 1: 90%
  bucket 1: 100%
  Sorting block of length 6109124 for bucket 1
  (Using difference cover)
  Sorting block time: 00:00:02
Returning block of 6109125 for bucket 1
Getting block 2 of 8
  Reserving size (7342458) for bucket 2
  Calculating Z arrays for bucket 2
  Entering block accumulator loop for bucket 2:
  bucket 2: 10%
  bucket 2: 20%
  bucket 2: 30%
  bucket 2: 40%
  bucket 2: 50%
  bucket 2: 60%
  bucket 2: 70%
  bucket 2: 80%
  bucket 2: 90%
  bucket 2: 100%
  Sorting block of length 4162165 for bucket 2
  (Using difference cover)
  Sorting block time: 00:00:01
Returning block of 4162166 for bucket 2
Getting block 3 of 8
  Reserving size (7342458) for bucket 3
  Calculating Z arrays for bucket 3
  Entering block accumulator loop for bucket 3:
  bucket 3: 10%
  bucket 3: 20%
  bucket 3: 30%
  bucket 3: 40%
  bucket 3: 50%
  bucket 3: 60%
  bucket 3: 70%
  bucket 3: 80%
  bucket 3: 90%
  bucket 3: 100%
  Sorting block of length 3242487 for bucket 3
  (Using difference cover)
  Sorting block time: 00:00:01
Returning block of 3242488 for bucket 3
Getting block 4 of 8
  Reserving size (7342458) for bucket 4
  Calculating Z arrays for bucket 4
  Entering block accumulator loop for bucket 4:
  bucket 4: 10%
  bucket 4: 20%
  bucket 4: 30%
  bucket 4: 40%
  bucket 4: 50%
  bucket 4: 60%
  bucket 4: 70%
  bucket 4: 80%
  bucket 4: 90%
  bucket 4: 100%
  Sorting block of length 5059508 for bucket 4
  (Using difference cover)
  Sorting block time: 00:00:01
Returning block of 5059509 for bucket 4
Getting block 5 of 8
  Reserving size (7342458) for bucket 5
  Calculating Z arrays for bucket 5
  Entering block accumulator loop for bucket 5:
  bucket 5: 10%
  bucket 5: 20%
  bucket 5: 30%
  bucket 5: 40%
  bucket 5: 50%
  bucket 5: 60%
  bucket 5: 70%
  bucket 5: 80%
  bucket 5: 90%
  bucket 5: 100%
  Sorting block of length 2717729 for bucket 5
  (Using difference cover)
  Sorting block time: 00:00:01
Returning block of 2717730 for bucket 5
Getting block 6 of 8
  Reserving size (7342458) for bucket 6
  Calculating Z arrays for bucket 6
  Entering block accumulator loop for bucket 6:
  bucket 6: 10%
  bucket 6: 20%
  bucket 6: 30%
  bucket 6: 40%
  bucket 6: 50%
  bucket 6: 60%
  bucket 6: 70%
  bucket 6: 80%
  bucket 6: 90%
  bucket 6: 100%
  Sorting block of length 6052533 for bucket 6
  (Using difference cover)
  Sorting block time: 00:00:02
Returning block of 6052534 for bucket 6
Getting block 7 of 8
  Reserving size (7342458) for bucket 7
  Calculating Z arrays for bucket 7
  Entering block accumulator loop for bucket 7:
  bucket 7: 10%
  bucket 7: 20%
  bucket 7: 30%
  bucket 7: 40%
  bucket 7: 50%
  bucket 7: 60%
  bucket 7: 70%
  bucket 7: 80%
  bucket 7: 90%
  bucket 7: 100%
  Sorting block of length 6696876 for bucket 7
  (Using difference cover)
[2026-09-19 02:10:50 INFO holodeck_lib::commands::simulate] Generated 1693949 total read pairs
[2026-09-19 02:10:50 INFO holodeck] Successfully completed execution in 0m:21s.
[Sat Sep 19 02:10:50 2026]
Finished job 1.
5 of 8 steps (62%) done
  Sorting block time: 00:00:02
Returning block of 6696877 for bucket 7
Getting block 8 of 8
  Reserving size (7342458) for bucket 8
  Calculating Z arrays for bucket 8
  Entering block accumulator loop for bucket 8:
  bucket 8: 10%
  bucket 8: 20%
  bucket 8: 30%
  bucket 8: 40%
  bucket 8: 50%
  bucket 8: 60%
  bucket 8: 70%
  bucket 8: 80%
  bucket 8: 90%
  bucket 8: 100%
  Sorting block of length 5119348 for bucket 8
  (Using difference cover)
  Sorting block time: 00:00:02
Returning block of 5119349 for bucket 8
Exited Ebwt loop
fchr[A]: 0
fchr[C]: 10382214
fchr[G]: 19542866
fchr[T]: 28789052
fchr[$]: 39159777
Exiting Ebwt::buildToDisk()
Returning from initFromVector
Wrote 17248347 bytes to primary EBWT file: Data/bowtie_index/chr22.1.bt2.tmp
Wrote 9789952 bytes to secondary EBWT file: Data/bowtie_index/chr22.2.bt2.tmp
Re-opening _in1 and _in2 as input streams
Returning from Ebwt constructor
Headers:
    len: 39159777
    bwtLen: 39159778
    sz: 9789945
    bwtSz: 9789945
    lineRate: 6
    offRate: 4
    offMask: 0xfffffff0
    ftabChars: 10
    eftabLen: 20
    eftabSz: 80
    ftabLen: 1048577
    ftabSz: 4194308
    offsLen: 2447487
    offsSz: 9789948
    lineSz: 64
    sideSz: 64
    sideBwtSz: 48
    sideBwtLen: 192
    numSides: 203958
    numLines: 203958
    ebwtTotLen: 13053312
    ebwtTotSz: 13053312
    color: 0
    reverse: 0
Total time for call to driver() for forward index: 00:00:27
Reading reference sizes
  Time reading reference sizes: 00:00:01
Calculating joined length
Writing header
Reserving space for joined string
Joining reference sequences
  Time to join reference sequences: 00:00:00
  Time to reverse reference sequence: 00:00:00
bmax according to bmaxDivN setting: 9789944
Using parameters --bmax 7342458 --dcv 1024
  Doing ahead-of-time memory usage test
  Passed!  Constructing with these parameters: --bmax 7342458 --dcv 1024
Constructing suffix-array element generator
Building DifferenceCoverSample
  Building sPrime
  Building sPrimeOrder
  V-Sorting samples
  V-Sorting samples time: 00:00:01
  Allocating rank array
  Ranking v-sort output
  Ranking v-sort output time: 00:00:00
  Invoking Larsson-Sadakane on ranks
  Invoking Larsson-Sadakane on ranks time: 00:00:00
  Sanity-checking and returning
Building samples
Reserving space for 12 sample suffixes
Generating random suffixes
QSorting 12 sample offsets, eliminating duplicates
QSorting sample offsets, eliminating duplicates time: 00:00:00
Multikey QSorting 12 samples
  (Using difference cover)
  Multikey QSorting samples time: 00:00:00
Calculating bucket sizes
Splitting and merging
  Splitting and merging time: 00:00:00
Avg bucket size: 5.59425e+06 (target: 7342457)
Converting suffix-array elements to index image
Allocating ftab, absorbFtab
Entering Ebwt loop
Getting block 1 of 7
  Reserving size (7342458) for bucket 1
  Calculating Z arrays for bucket 1
  Entering block accumulator loop for bucket 1:
  bucket 1: 10%
  bucket 1: 20%
  bucket 1: 30%
  bucket 1: 40%
  bucket 1: 50%
  bucket 1: 60%
  bucket 1: 70%
  bucket 1: 80%
  bucket 1: 90%
  bucket 1: 100%
  Sorting block of length 6882572 for bucket 1
  (Using difference cover)
  Sorting block time: 00:00:01
Returning block of 6882573 for bucket 1
Getting block 2 of 7
  Reserving size (7342458) for bucket 2
  Calculating Z arrays for bucket 2
  Entering block accumulator loop for bucket 2:
  bucket 2: 10%
  bucket 2: 20%
  bucket 2: 30%
  bucket 2: 40%
  bucket 2: 50%
  bucket 2: 60%
  bucket 2: 70%
  bucket 2: 80%
  bucket 2: 90%
  bucket 2: 100%
  Sorting block of length 7217801 for bucket 2
  (Using difference cover)
  Sorting block time: 00:00:02
Returning block of 7217802 for bucket 2
Getting block 3 of 7
  Reserving size (7342458) for bucket 3
  Calculating Z arrays for bucket 3
  Entering block accumulator loop for bucket 3:
  bucket 3: 10%
  bucket 3: 20%
  bucket 3: 30%
  bucket 3: 40%
  bucket 3: 50%
  bucket 3: 60%
  bucket 3: 70%
  bucket 3: 80%
  bucket 3: 90%
  bucket 3: 100%
  Sorting block of length 6398765 for bucket 3
  (Using difference cover)
